[dotenv@17.2.3] injecting env (11) from .env.local -- tip: ΓÜÖ∩╕Å  enable debug logging with { debug: true }
--- IDTrace AI Generation Test ---
Γ£à API Key loaded
Testing Model: gemini-2.0-flash
Sending prompt: "Hello, are you online?"...
node : Γ¥î Generation 
Failed:
At line:1 char:1
+ node 
scripts/test-generate.js > 
test-output.txt 2>&1
+ ~~~~~~~~~~~~~~~~~~~~~~~~~~
~~~~~~~~~~~~~~~~~~~~~~~~~~
    + CategoryInfo          
    : NotSpecified: (Γ¥î G  
  eneration Failed::Strin   
 g) [], RemoteException
    + FullyQualifiedErrorId 
    : NativeCommandError
 
RetryError [AI_RetryError]: 
Failed after 3 attempts. 
Last error: You exceeded 
your current quota, please 
check your plan and billing 
details. For more 
information on this error, 
head to: https://ai.google.d
ev/gemini-api/docs/rate-limi
ts. To monitor your current 
usage, head to: 
https://ai.dev/rate-limit. 
* Quota exceeded for 
metric: generativelanguage.g
oogleapis.com/generate_conte
nt_free_tier_input_token_cou
nt, limit: 0, model: 
gemini-2.0-flash
* Quota exceeded for 
metric: generativelanguage.g
oogleapis.com/generate_conte
nt_free_tier_requests, 
limit: 0, model: 
gemini-2.0-flash
* Quota exceeded for 
metric: generativelanguage.g
oogleapis.com/generate_conte
nt_free_tier_requests, 
limit: 0, model: 
gemini-2.0-flash
Please retry in 
4.258812296s.
    at _retryWithExponential
Backoff (D:\Clg 
Project\Major Proj\idtrace\n
ode_modules\ai\dist\index.js
:2369:13)
    at process.processTicksA
ndRejections (node:internal/
process/task_queues:105:5)
    at async fn (D:\Clg 
Project\Major Proj\idtrace\n
ode_modules\ai\dist\index.js
:3897:36)
    at async D:\Clg 
Project\Major Proj\idtrace\n
ode_modules\ai\dist\index.js
:2098:24
    at async generateText 
(D:\Clg Project\Major Proj\i
dtrace\node_modules\ai\dist\
index.js:3765:12)
    at async testGeneration 
(D:\Clg Project\Major Proj\i
dtrace\scripts\test-generate
.js:40:24) {
  cause: undefined,
  reason: 
'maxRetriesExceeded',
  errors: [
    APICallError 
[AI_APICallError]: You 
exceeded your current 
quota, please check your 
plan and billing details. 
For more information on 
this error, head to: https:/
/ai.google.dev/gemini-api/do
cs/rate-limits. To monitor 
your current usage, head 
to: 
https://ai.dev/rate-limit. 
    * Quota exceeded for 
metric: generativelanguage.g
oogleapis.com/generate_conte
nt_free_tier_input_token_cou
nt, limit: 0, model: 
gemini-2.0-flash
    * Quota exceeded for 
metric: generativelanguage.g
oogleapis.com/generate_conte
nt_free_tier_requests, 
limit: 0, model: 
gemini-2.0-flash
    * Quota exceeded for 
metric: generativelanguage.g
oogleapis.com/generate_conte
nt_free_tier_requests, 
limit: 0, model: 
gemini-2.0-flash
    Please retry in 
10.962945504s.
        at D:\Clg 
Project\Major Proj\idtrace\n
ode_modules\@ai-sdk\provider
-utils\dist\index.js:2435:14
        at process.processTi
cksAndRejections (node:inter
nal/process/task_queues:105:
5)
        at async postToApi 
(D:\Clg Project\Major Proj\i
dtrace\node_modules\@ai-sdk\
provider-utils\dist\index.js
:2278:28)
        at async GoogleGener
ativeAILanguageModel.doGener
ate (D:\Clg Project\Major Pr
oj\idtrace\node_modules\@ai-
sdk\google\dist\index.js:101
5:9)
        at async fn (D:\Clg 
Project\Major Proj\idtrace\n
ode_modules\ai\dist\index.js
:3943:36)
        at async D:\Clg 
Project\Major Proj\idtrace\n
ode_modules\ai\dist\index.js
:2098:24
        at async _retryWithE
xponentialBackoff (D:\Clg 
Project\Major Proj\idtrace\n
ode_modules\ai\dist\index.js
:2357:12)
        at async fn (D:\Clg 
Project\Major Proj\idtrace\n
ode_modules\ai\dist\index.js
:3897:36)
        at async D:\Clg 
Project\Major Proj\idtrace\n
ode_modules\ai\dist\index.js
:2098:24
        at async 
generateText (D:\Clg 
Project\Major Proj\idtrace\n
ode_modules\ai\dist\index.js
:3765:12) {
      cause: undefined,
      url: 'https://generati
velanguage.googleapis.com/v1
beta/models/gemini-2.0-flash
:generateContent',
      requestBodyValues: 
[Object],
      statusCode: 429,
      responseHeaders: 
[Object],
      responseBody: '{\n' +
        '  "error": {\n' +
        '    "code": 
429,\n' +
        '    "message": 
"You exceeded your current 
quota, please check your 
plan and billing details. 
For more information on 
this error, head to: https:/
/ai.google.dev/gemini-api/do
cs/rate-limits. To monitor 
your current usage, head 
to: 
https://ai.dev/rate-limit. 
\\n* Quota exceeded for 
metric: generativelanguage.g
oogleapis.com/generate_conte
nt_free_tier_input_token_cou
nt, limit: 0, model: 
gemini-2.0-flash\\n* Quota 
exceeded for metric: generat
ivelanguage.googleapis.com/g
enerate_content_free_tier_re
quests, limit: 0, model: 
gemini-2.0-flash\\n* Quota 
exceeded for metric: generat
ivelanguage.googleapis.com/g
enerate_content_free_tier_re
quests, limit: 0, model: 
gemini-2.0-flash\\nPlease 
retry in 
10.962945504s.",\n' +
        '    "status": 
"RESOURCE_EXHAUSTED",\n' +
        '    "details": 
[\n' +
        '      {\n' +
        '        "@type": "t
ype.googleapis.com/google.rp
c.Help",\n' +
        '        "links": 
[\n' +
        '          {\n' +
        '            
"description": "Learn more 
about Gemini API 
quotas",\n' +
        '            "url": 
"https://ai.google.dev/gemin
i-api/docs/rate-limits"\n' +
        '          }\n' +
        '        ]\n' +
        '      },\n' +
        '      {\n' +
        '        "@type": "t
ype.googleapis.com/google.rp
c.QuotaFailure",\n' +
        '        
"violations": [\n' +
        '          {\n' +
        '            
"quotaMetric": "generativela
nguage.googleapis.com/genera
te_content_free_tier_input_t
oken_count",\n' +
        '            
"quotaId": "GenerateContentI
nputTokensPerModelPerMinute-
FreeTier",\n' +
        '            
"quotaDimensions": {\n' +
        '              
"location": "global",\n' +
        '              
"model": 
"gemini-2.0-flash"\n' +
        '            }\n' +
        '          },\n' +
        '          {\n' +
        '            
"quotaMetric": "generativela
nguage.googleapis.com/genera
te_content_free_tier_request
s",\n' +
        '            
"quotaId": "GenerateRequests
PerMinutePerProjectPerModel-
FreeTier",\n' +
        '            
"quotaDimensions": {\n' +
        '              
"location": "global",\n' +
        '              
"model": 
"gemini-2.0-flash"\n' +
        '            }\n' +
        '          },\n' +
        '          {\n' +
        '            
"quotaMetric": "generativela
nguage.googleapis.com/genera
te_content_free_tier_request
s",\n' +
        '            
"quotaId": "GenerateRequests
PerDayPerProjectPerModel-Fre
eTier",\n' +
        '            
"quotaDimensions": {\n' +
        '              
"location": "global",\n' +
        '              
"model": 
"gemini-2.0-flash"\n' +
        '            }\n' +
        '          }\n' +
        '        ]\n' +
        '      },\n' +
        '      {\n' +
        '        "@type": "t
ype.googleapis.com/google.rp
c.RetryInfo",\n' +
        '        
"retryDelay": "10s"\n' +
        '      }\n' +
        '    ]\n' +
        '  }\n' +
        '}\n',
      isRetryable: true,
      data: [Object],
      
[Symbol(vercel.ai.error)]: 
true,
      [Symbol(vercel.ai.erro
r.AI_APICallError)]: true
    },
    APICallError 
[AI_APICallError]: You 
exceeded your current 
quota, please check your 
plan and billing details. 
For more information on 
this error, head to: https:/
/ai.google.dev/gemini-api/do
cs/rate-limits. To monitor 
your current usage, head 
to: 
https://ai.dev/rate-limit. 
    * Quota exceeded for 
metric: generativelanguage.g
oogleapis.com/generate_conte
nt_free_tier_input_token_cou
nt, limit: 0, model: 
gemini-2.0-flash
    * Quota exceeded for 
metric: generativelanguage.g
oogleapis.com/generate_conte
nt_free_tier_requests, 
limit: 0, model: 
gemini-2.0-flash
    * Quota exceeded for 
metric: generativelanguage.g
oogleapis.com/generate_conte
nt_free_tier_requests, 
limit: 0, model: 
gemini-2.0-flash
    Please retry in 
8.796607814s.
        at D:\Clg 
Project\Major Proj\idtrace\n
ode_modules\@ai-sdk\provider
-utils\dist\index.js:2435:14
        at process.processTi
cksAndRejections (node:inter
nal/process/task_queues:105:
5)
        at async postToApi 
(D:\Clg Project\Major Proj\i
dtrace\node_modules\@ai-sdk\
provider-utils\dist\index.js
:2278:28)
        at async GoogleGener
ativeAILanguageModel.doGener
ate (D:\Clg Project\Major Pr
oj\idtrace\node_modules\@ai-
sdk\google\dist\index.js:101
5:9)
        at async fn (D:\Clg 
Project\Major Proj\idtrace\n
ode_modules\ai\dist\index.js
:3943:36)
        at async D:\Clg 
Project\Major Proj\idtrace\n
ode_modules\ai\dist\index.js
:2098:24
        at async _retryWithE
xponentialBackoff (D:\Clg 
Project\Major Proj\idtrace\n
ode_modules\ai\dist\index.js
:2357:12)
        at async fn (D:\Clg 
Project\Major Proj\idtrace\n
ode_modules\ai\dist\index.js
:3897:36)
        at async D:\Clg 
Project\Major Proj\idtrace\n
ode_modules\ai\dist\index.js
:2098:24
        at async 
generateText (D:\Clg 
Project\Major Proj\idtrace\n
ode_modules\ai\dist\index.js
:3765:12) {
      cause: undefined,
      url: 'https://generati
velanguage.googleapis.com/v1
beta/models/gemini-2.0-flash
:generateContent',
      requestBodyValues: 
[Object],
      statusCode: 429,
      responseHeaders: 
[Object],
      responseBody: '{\n' +
        '  "error": {\n' +
        '    "code": 
429,\n' +
        '    "message": 
"You exceeded your current 
quota, please check your 
plan and billing details. 
For more information on 
this error, head to: https:/
/ai.google.dev/gemini-api/do
cs/rate-limits. To monitor 
your current usage, head 
to: 
https://ai.dev/rate-limit. 
\\n* Quota exceeded for 
metric: generativelanguage.g
oogleapis.com/generate_conte
nt_free_tier_input_token_cou
nt, limit: 0, model: 
gemini-2.0-flash\\n* Quota 
exceeded for metric: generat
ivelanguage.googleapis.com/g
enerate_content_free_tier_re
quests, limit: 0, model: 
gemini-2.0-flash\\n* Quota 
exceeded for metric: generat
ivelanguage.googleapis.com/g
enerate_content_free_tier_re
quests, limit: 0, model: 
gemini-2.0-flash\\nPlease 
retry in 8.796607814s.",\n' 
+
        '    "status": 
"RESOURCE_EXHAUSTED",\n' +
        '    "details": 
[\n' +
        '      {\n' +
        '        "@type": "t
ype.googleapis.com/google.rp
c.Help",\n' +
        '        "links": 
[\n' +
        '          {\n' +
        '            
"description": "Learn more 
about Gemini API 
quotas",\n' +
        '            "url": 
"https://ai.google.dev/gemin
i-api/docs/rate-limits"\n' +
        '          }\n' +
        '        ]\n' +
        '      },\n' +
        '      {\n' +
        '        "@type": "t
ype.googleapis.com/google.rp
c.QuotaFailure",\n' +
        '        
"violations": [\n' +
        '          {\n' +
        '            
"quotaMetric": "generativela
nguage.googleapis.com/genera
te_content_free_tier_input_t
oken_count",\n' +
        '            
"quotaId": "GenerateContentI
nputTokensPerModelPerMinute-
FreeTier",\n' +
        '            
"quotaDimensions": {\n' +
        '              
"location": "global",\n' +
        '              
"model": 
"gemini-2.0-flash"\n' +
        '            }\n' +
        '          },\n' +
        '          {\n' +
        '            
"quotaMetric": "generativela
nguage.googleapis.com/genera
te_content_free_tier_request
s",\n' +
        '            
"quotaId": "GenerateRequests
PerMinutePerProjectPerModel-
FreeTier",\n' +
        '            
"quotaDimensions": {\n' +
        '              
"location": "global",\n' +
        '              
"model": 
"gemini-2.0-flash"\n' +
        '            }\n' +
        '          },\n' +
        '          {\n' +
        '            
"quotaMetric": "generativela
nguage.googleapis.com/genera
te_content_free_tier_request
s",\n' +
        '            
"quotaId": "GenerateRequests
PerDayPerProjectPerModel-Fre
eTier",\n' +
        '            
"quotaDimensions": {\n' +
        '              
"location": "global",\n' +
        '              
"model": 
"gemini-2.0-flash"\n' +
        '            }\n' +
        '          }\n' +
        '        ]\n' +
        '      },\n' +
        '      {\n' +
        '        "@type": "t
ype.googleapis.com/google.rp
c.RetryInfo",\n' +
        '        
"retryDelay": "8s"\n' +
        '      }\n' +
        '    ]\n' +
        '  }\n' +
        '}\n',
      isRetryable: true,
      data: [Object],
      
[Symbol(vercel.ai.error)]: 
true,
      [Symbol(vercel.ai.erro
r.AI_APICallError)]: true
    },
    APICallError 
[AI_APICallError]: You 
exceeded your current 
quota, please check your 
plan and billing details. 
For more information on 
this error, head to: https:/
/ai.google.dev/gemini-api/do
cs/rate-limits. To monitor 
your current usage, head 
to: 
https://ai.dev/rate-limit. 
    * Quota exceeded for 
metric: generativelanguage.g
oogleapis.com/generate_conte
nt_free_tier_input_token_cou
nt, limit: 0, model: 
gemini-2.0-flash
    * Quota exceeded for 
metric: generativelanguage.g
oogleapis.com/generate_conte
nt_free_tier_requests, 
limit: 0, model: 
gemini-2.0-flash
    * Quota exceeded for 
metric: generativelanguage.g
oogleapis.com/generate_conte
nt_free_tier_requests, 
limit: 0, model: 
gemini-2.0-flash
    Please retry in 
4.258812296s.
        at D:\Clg 
Project\Major Proj\idtrace\n
ode_modules\@ai-sdk\provider
-utils\dist\index.js:2435:14
        at process.processTi
cksAndRejections (node:inter
nal/process/task_queues:105:
5)
        at async postToApi 
(D:\Clg Project\Major Proj\i
dtrace\node_modules\@ai-sdk\
provider-utils\dist\index.js
:2278:28)
        at async GoogleGener
ativeAILanguageModel.doGener
ate (D:\Clg Project\Major Pr
oj\idtrace\node_modules\@ai-
sdk\google\dist\index.js:101
5:9)
        at async fn (D:\Clg 
Project\Major Proj\idtrace\n
ode_modules\ai\dist\index.js
:3943:36)
        at async D:\Clg 
Project\Major Proj\idtrace\n
ode_modules\ai\dist\index.js
:2098:24
        at async _retryWithE
xponentialBackoff (D:\Clg 
Project\Major Proj\idtrace\n
ode_modules\ai\dist\index.js
:2357:12)
        at async fn (D:\Clg 
Project\Major Proj\idtrace\n
ode_modules\ai\dist\index.js
:3897:36)
        at async D:\Clg 
Project\Major Proj\idtrace\n
ode_modules\ai\dist\index.js
:2098:24
        at async 
generateText (D:\Clg 
Project\Major Proj\idtrace\n
ode_modules\ai\dist\index.js
:3765:12) {
      cause: undefined,
      url: 'https://generati
velanguage.googleapis.com/v1
beta/models/gemini-2.0-flash
:generateContent',
      requestBodyValues: 
[Object],
      statusCode: 429,
      responseHeaders: 
[Object],
      responseBody: '{\n' +
        '  "error": {\n' +
        '    "code": 
429,\n' +
        '    "message": 
"You exceeded your current 
quota, please check your 
plan and billing details. 
For more information on 
this error, head to: https:/
/ai.google.dev/gemini-api/do
cs/rate-limits. To monitor 
your current usage, head 
to: 
https://ai.dev/rate-limit. 
\\n* Quota exceeded for 
metric: generativelanguage.g
oogleapis.com/generate_conte
nt_free_tier_input_token_cou
nt, limit: 0, model: 
gemini-2.0-flash\\n* Quota 
exceeded for metric: generat
ivelanguage.googleapis.com/g
enerate_content_free_tier_re
quests, limit: 0, model: 
gemini-2.0-flash\\n* Quota 
exceeded for metric: generat
ivelanguage.googleapis.com/g
enerate_content_free_tier_re
quests, limit: 0, model: 
gemini-2.0-flash\\nPlease 
retry in 4.258812296s.",\n' 
+
        '    "status": 
"RESOURCE_EXHAUSTED",\n' +
        '    "details": 
[\n' +
        '      {\n' +
        '        "@type": "t
ype.googleapis.com/google.rp
c.Help",\n' +
        '        "links": 
[\n' +
        '          {\n' +
        '            
"description": "Learn more 
about Gemini API 
quotas",\n' +
        '            "url": 
"https://ai.google.dev/gemin
i-api/docs/rate-limits"\n' +
        '          }\n' +
        '        ]\n' +
        '      },\n' +
        '      {\n' +
        '        "@type": "t
ype.googleapis.com/google.rp
c.QuotaFailure",\n' +
        '        
"violations": [\n' +
        '          {\n' +
        '            
"quotaMetric": "generativela
nguage.googleapis.com/genera
te_content_free_tier_input_t
oken_count",\n' +
        '            
"quotaId": "GenerateContentI
nputTokensPerModelPerMinute-
FreeTier",\n' +
        '            
"quotaDimensions": {\n' +
        '              
"model": 
"gemini-2.0-flash",\n' +
        '              
"location": "global"\n' +
        '            }\n' +
        '          },\n' +
        '          {\n' +
        '            
"quotaMetric": "generativela
nguage.googleapis.com/genera
te_content_free_tier_request
s",\n' +
        '            
"quotaId": "GenerateRequests
PerMinutePerProjectPerModel-
FreeTier",\n' +
        '            
"quotaDimensions": {\n' +
        '              
"model": 
"gemini-2.0-flash",\n' +
        '              
"location": "global"\n' +
        '            }\n' +
        '          },\n' +
        '          {\n' +
        '            
"quotaMetric": "generativela
nguage.googleapis.com/genera
te_content_free_tier_request
s",\n' +
        '            
"quotaId": "GenerateRequests
PerDayPerProjectPerModel-Fre
eTier",\n' +
        '            
"quotaDimensions": {\n' +
        '              
"location": "global",\n' +
        '              
"model": 
"gemini-2.0-flash"\n' +
        '            }\n' +
        '          }\n' +
        '        ]\n' +
        '      },\n' +
        '      {\n' +
        '        "@type": "t
ype.googleapis.com/google.rp
c.RetryInfo",\n' +
        '        
"retryDelay": "4s"\n' +
        '      }\n' +
        '    ]\n' +
        '  }\n' +
        '}\n',
      isRetryable: true,
      data: [Object],
      
[Symbol(vercel.ai.error)]: 
true,
      [Symbol(vercel.ai.erro
r.AI_APICallError)]: true
    }
  ],
  lastError: APICallError 
[AI_APICallError]: You 
exceeded your current 
quota, please check your 
plan and billing details. 
For more information on 
this error, head to: https:/
/ai.google.dev/gemini-api/do
cs/rate-limits. To monitor 
your current usage, head 
to: 
https://ai.dev/rate-limit. 
  * Quota exceeded for 
metric: generativelanguage.g
oogleapis.com/generate_conte
nt_free_tier_input_token_cou
nt, limit: 0, model: 
gemini-2.0-flash
  * Quota exceeded for 
metric: generativelanguage.g
oogleapis.com/generate_conte
nt_free_tier_requests, 
limit: 0, model: 
gemini-2.0-flash
  * Quota exceeded for 
metric: generativelanguage.g
oogleapis.com/generate_conte
nt_free_tier_requests, 
limit: 0, model: 
gemini-2.0-flash
  Please retry in 
4.258812296s.
      at D:\Clg 
Project\Major Proj\idtrace\n
ode_modules\@ai-sdk\provider
-utils\dist\index.js:2435:14
      at process.processTick
sAndRejections (node:interna
l/process/task_queues:105:5)
      at async postToApi 
(D:\Clg Project\Major Proj\i
dtrace\node_modules\@ai-sdk\
provider-utils\dist\index.js
:2278:28)
      at async GoogleGenerat
iveAILanguageModel.doGenerat
e (D:\Clg Project\Major Proj
\idtrace\node_modules\@ai-sd
k\google\dist\index.js:1015:
9)
      at async fn (D:\Clg 
Project\Major Proj\idtrace\n
ode_modules\ai\dist\index.js
:3943:36)
      at async D:\Clg 
Project\Major Proj\idtrace\n
ode_modules\ai\dist\index.js
:2098:24
      at async _retryWithExp
onentialBackoff (D:\Clg 
Project\Major Proj\idtrace\n
ode_modules\ai\dist\index.js
:2357:12)
      at async fn (D:\Clg 
Project\Major Proj\idtrace\n
ode_modules\ai\dist\index.js
:3897:36)
      at async D:\Clg 
Project\Major Proj\idtrace\n
ode_modules\ai\dist\index.js
:2098:24
      at async generateText 
(D:\Clg Project\Major Proj\i
dtrace\node_modules\ai\dist\
index.js:3765:12) {
    cause: undefined,
    url: 'https://generative
language.googleapis.com/v1be
ta/models/gemini-2.0-flash:g
enerateContent',
    requestBodyValues: {
      generationConfig: 
[Object],
      contents: [Array],
      systemInstruction: 
undefined,
      safetySettings: 
undefined,
      tools: undefined,
      toolConfig: undefined,
      cachedContent: 
undefined,
      labels: undefined
    },
    statusCode: 429,
    responseHeaders: {
      'alt-svc': 
'h3=":443"; 
ma=2592000,h3-29=":443"; 
ma=2592000',
      'content-encoding': 
'gzip',
      'content-type': 
'application/json; 
charset=UTF-8',
      date: 'Wed, 21 Jan 
2026 10:34:55 GMT',
      server: 'scaffolding 
on HTTPServer2',
      'server-timing': 
'gfet4t7; dur=248',
      'transfer-encoding': 
'chunked',
      vary: 'Origin, 
X-Origin, Referer',
      
'x-content-type-options': 
'nosniff',
      'x-frame-options': 
'SAMEORIGIN',
      'x-xss-protection': 
'0'
    },
    responseBody: '{\n' +
      '  "error": {\n' +
      '    "code": 429,\n' +
      '    "message": "You 
exceeded your current 
quota, please check your 
plan and billing details. 
For more information on 
this error, head to: https:/
/ai.google.dev/gemini-api/do
cs/rate-limits. To monitor 
your current usage, head 
to: 
https://ai.dev/rate-limit. 
\\n* Quota exceeded for 
metric: generativelanguage.g
oogleapis.com/generate_conte
nt_free_tier_input_token_cou
nt, limit: 0, model: 
gemini-2.0-flash\\n* Quota 
exceeded for metric: generat
ivelanguage.googleapis.com/g
enerate_content_free_tier_re
quests, limit: 0, model: 
gemini-2.0-flash\\n* Quota 
exceeded for metric: generat
ivelanguage.googleapis.com/g
enerate_content_free_tier_re
quests, limit: 0, model: 
gemini-2.0-flash\\nPlease 
retry in 4.258812296s.",\n' 
+
      '    "status": 
"RESOURCE_EXHAUSTED",\n' +
      '    "details": [\n' +
      '      {\n' +
      '        "@type": "typ
e.googleapis.com/google.rpc.
Help",\n' +
      '        "links": 
[\n' +
      '          {\n' +
      '            
"description": "Learn more 
about Gemini API 
quotas",\n' +
      '            "url": "h
ttps://ai.google.dev/gemini-
api/docs/rate-limits"\n' +
      '          }\n' +
      '        ]\n' +
      '      },\n' +
      '      {\n' +
      '        "@type": "typ
e.googleapis.com/google.rpc.
QuotaFailure",\n' +
      '        
"violations": [\n' +
      '          {\n' +
      '            
"quotaMetric": "generativela
nguage.googleapis.com/genera
te_content_free_tier_input_t
oken_count",\n' +
      '            
"quotaId": "GenerateContentI
nputTokensPerModelPerMinute-
FreeTier",\n' +
      '            
"quotaDimensions": {\n' +
      '              
"model": 
"gemini-2.0-flash",\n' +
      '              
"location": "global"\n' +
      '            }\n' +
      '          },\n' +
      '          {\n' +
      '            
"quotaMetric": "generativela
nguage.googleapis.com/genera
te_content_free_tier_request
s",\n' +
      '            
"quotaId": "GenerateRequests
PerMinutePerProjectPerModel-
FreeTier",\n' +
      '            
"quotaDimensions": {\n' +
      '              
"model": 
"gemini-2.0-flash",\n' +
      '              
"location": "global"\n' +
      '            }\n' +
      '          },\n' +
      '          {\n' +
      '            
"quotaMetric": "generativela
nguage.googleapis.com/genera
te_content_free_tier_request
s",\n' +
      '            
"quotaId": "GenerateRequests
PerDayPerProjectPerModel-Fre
eTier",\n' +
      '            
"quotaDimensions": {\n' +
      '              
"location": "global",\n' +
      '              
"model": 
"gemini-2.0-flash"\n' +
      '            }\n' +
      '          }\n' +
      '        ]\n' +
      '      },\n' +
      '      {\n' +
      '        "@type": "typ
e.googleapis.com/google.rpc.
RetryInfo",\n' +
      '        
"retryDelay": "4s"\n' +
      '      }\n' +
      '    ]\n' +
      '  }\n' +
      '}\n',
    isRetryable: true,
    data: { error: [Object] 
},
    
[Symbol(vercel.ai.error)]: 
true,
    [Symbol(vercel.ai.error.
AI_APICallError)]: true
  },
  
[Symbol(vercel.ai.error)]: 
true,
  [Symbol(vercel.ai.error.AI
_RetryError)]: true
}
